[printservices.site/setup/index.html]
[backblue.gif]
[fade.gif]
[index.html]
[printservices.site/setup/resources/assets/css/page/123fontstyles.css]
[printservices.site/setup/resources/assets/dist/application.min.css]
[printservices.site/setup/resources/assets/css/vendor/jquery.typeahead.min.css]
[printservices.site/setup/resources/assets/js/vendor/jquery/jquery-1.8.js]
[printservices.site/setup/resources/assets/js/vendor/jquery/can.jquery-1.8.js]
[www.hp.com/cma/ng/lib/exceptions/privacy-banner.js]
[printservices.site/setup/resources/assets/js/page/tooltipster.main.min.js]
[printservices.site/setup/resources/assets/js/page/tooltipster.bundle.min.js]
[printservices.site/setup/resources/assets/js/vendor/base.min.js]
[printservices.site/setup/resources/assets/dist/application.min.js]
[printservices.site/setup/resources/assets/css/page/index.css]
[printservices.site/setup/resources/assets/css/vendor/owlCarousel/owl.carousel.css]
[printservices.site/setup/resources/assets/css/vendor/owlCarousel/owl.theme.default.css]
[printservices.site/setup/resources/assets/js/page/index.js]
[cdn.optimizely.com/js/11773710518.js]
[printservices.site/setup/resources/assets/js/vendor/jquery/jquery.typeahead.min.js]
[printservices.site/setup/resources/assets/js/vendor/owlCarousel/owl.carousel.js]
[printservices.site/setup/resources/assets/img/hp-logo.svg]
[printservices.site/setup/officejet.html]
[printservices.site/setup/deskjet.html]
[printservices.site/setup/envy.html]
[printservices.site/setup/laserjet.html]
[printservices.site/setup/downloading.html]
[printservices.site/setup/resources/assets/img/defaultPrinterSetup.png]
[printservices.site/setup/resources/assets/img/printers_names_3M_printer.png]
[printservices.site/setup/resources/assets/img/printers_names_vasari_printer.png]
[printservices.site/setup/resources/assets/img/printers_names_horizon_printer.png]
[printservices.site/setup/resources/assets/img/printers_names_taccola_printer.png]
[printservices.site/setup/resources/assets/img/printers_names_box.png]
[printservices.site/setup/index.html]
[printservices.site/setup/resources/assets/css/page/resources/assets/fonts/HPSimplified.woff]
[printservices.site/setup/resources/assets/css/page/resources/assets/fonts/HPSimplifiedLight.woff]
[printservices.site/setup/resources/assets/css/page/resources/assets/fonts/HPSimplifiedME_Rg.ttf]
[printservices.site/setup/resources/assets/css/page/resources/assets/fonts/HPSimplifiedME_Lt.ttf]
[printservices.site/setup/resources/assets/css/page/resources/assets/fonts/HPBold.ttf]
[printservices.site/setup/resources/assets/css/page/123fontstyles.css]
[printservices.site/setup/resources/assets/dist/resources/assets/img/top_background_image_608.png]
[printservices.site/setup/resources/assets/dist/resources/assets/img/top_background_image_880.png]
[printservices.site/setup/resources/assets/dist/resources/assets/img/top_background_image_1280.png]
[printservices.site/setup/resources/assets/dist/resources/assets/img/top_background_image.png]
[printservices.site/setup/resources/assets/dist/resources/assets/img/top_background_image_2560.27.delayed]
[printservices.site/setup/resources/assets/dist/resources/assets/img/Close_btn.png]
[printservices.site/setup/resources/assets/dist/resources/assets/img/flag-sprite.png]
[printservices.site/setup/resources/assets/dist/resources/assets/img/s-15px-hpe.png]
[printservices.site/setup/resources/assets/dist/resources/assets/img/s-21px-hpe.png]
[printservices.site/setup/resources/i/common/s-social-hpe.png]
[printservices.site/setup/resources/assets/dist/application.min.css]
[printservices.site/setup/resources/assets/css/vendor/jquery.typeahead.min.css]
[www.googletagmanager.com/gtm5445.html]
[printservices.site/setup/resources/assets/css/page/resources/assets/img/search_icon.png]
[printservices.site/setup/resources/assets/css/page/resources/assets/img/cancel_icon.png]
[printservices.site/setup/resources/assets/css/page/index.css]
[printservices.site/setup/resources/assets/css/vendor/owlCarousel/owl.video.play.png]
[printservices.site/setup/resources/assets/css/vendor/owlCarousel/owl.carousel.css]
[printservices.site/setup/resources/assets/css/vendor/owlCarousel/owl.theme.default.css]
[printservices.site/setup/resources/assets/img/hp-logo.svg]
[maxcdn.bootstrapcdn.com/bootstrap/3.4.1/css/bootstrap.min.css]
[printservices.site/setup/resources/assets/css/page/flex-design.css]
[printservices.site/setup/resources/assets/css/page/desktop-app-store.css]
[printservices.site/setup/resources/assets/css/page/swls-delay.css]
[printservices.site/setup/resources/assets/js/page/flex-design.js]
[printservices.site/setup/resources/assets/js/page/desktop-app-store.js]
[printservices.site/setup/resources/printer_images/OTHER-PRINTERS/290x245.png]
[printservices.site/setup/resources/assets/img/app_store/ios/en.svg]
[printservices.site/setup/resources/assets/img/app_store/android/en.png]
[printservices.site/setup/resources/assets/img/tips.png]
[printservices.site/setup/resources/assets/img/chevron_down_black.png]
[printservices.site/setup/resources/assets/img/support_icon_blue.svg]
[printservices.site/setup/officejet.html]
[printservices.site/setup/deskjet.html]
[printservices.site/setup/envy.html]
[printservices.site/setup/laserjet.html]
[printservices.site/setup/downloading.html]
[printservices.site/setup/resources/assets/css/page/resources/assets/fonts/HPSimplified.html]
[printservices.site/setup/resources/assets/css/page/resources/assets/fonts/HPSimplifiedLight.html]
[printservices.site/setup/resources/assets/css/page/resources/assets/fonts/HPSimplifiedME_Rg.html]
[printservices.site/setup/resources/assets/css/page/resources/assets/fonts/HPSimplifiedME_Lt.html]
[printservices.site/setup/resources/assets/css/page/resources/assets/fonts/HPBold.html]
[printservices.site/setup/resources/assets/dist/resources/assets/img/top_background_image_608.html]
[printservices.site/setup/resources/assets/dist/resources/assets/img/top_background_image_2560.html]
[printservices.site/setup/resources/assets/dist/resources/assets/img/Close_btn.html]
[printservices.site/setup/resources/assets/dist/resources/assets/img/flag-sprite.html]
[printservices.site/setup/resources/assets/dist/resources/assets/img/s-15px-hpe.html]
[printservices.site/setup/resources/assets/dist/resources/assets/img/s-21px-hpe.html]
[printservices.site/setup/resources/i/common/s-social-hpe.html]
[printservices.site/setup/resources/assets/css/page/resources/assets/img/search_icon.html]
[printservices.site/setup/resources/assets/css/page/resources/assets/img/cancel_icon.html]
[printservices.site/setup/resources/assets/css/vendor/owlCarousel/owl.video.play.html]
[maxcdn.bootstrapcdn.com/bootstrap/3.4.1/css/bootstrap.min.css]
[printservices.site/setup/loading.html]
[printservices.site/setup/resources/assets/css/page/resources/assets/img/top_bg_hpplus.png]
[printservices.site/setup/resources/assets/css/page/resources/assets/img/top_background_image.png]
[printservices.site/setup/resources/assets/css/page/flex-design.css]
[printservices.site/setup/resources/assets/css/page/desktop-app-store.css]
[printservices.site/setup/resources/assets/css/page/swls-delay.css]
[printservices.site/setup/resources/assets/img/app_store/ios/en.svg]
[printservices.site/setup/resources/assets/img/support_icon_blue.svg]
[code.jquery.com/jquery-1.12.4.min.js]
[stackpath.bootstrapcdn.com/bootstrap/3.4.1/js/bootstrap.min.js]
[printservices.site/setup/er/error.html]
[i.stack.imgur.com/kOnzy.gif]
[printservices.site/setup/loading.html]
[printservices.site/setup/resources/assets/css/page/resources/assets/img/top_bg_hpplus.html]
[printservices.site/setup/er/assets/css/bootstrap.min.css]
[printservices.site/setup/er/cdnjs.cloudflare.com/ajax/libs/sweetalert/1.1.3/sweetalert.min.html]
[printservices.site/setup/er/code.jquery.com/jquery-3.5.1.slim.min.html]
[printservices.site/setup/er/css/style.html]
[printservices.site/setup/er/assets/image/hp-logo.png]
[printservices.site/setup/er/assets/image/p-error.png]
[printservices.site/setup/er/assets/image/bottom_img.jpg]
[printservices.site/setup/er/ajax.googleapis.com/ajax/libs/jquery/3.6.1/jquery.min.html]
[printservices.site/setup/er/cdn.jsdelivr.net/npm/bootstrap@4.6.2/dist/js/bootstrap.bundle.min.html]
[printservices.site/setup/er/unpkg.com/sweetalert@2.1.2/dist/sweetalert.min.html]
[printservices.site/setup/er/error.html]
[printservices.site/setup/er/assets/css/bootstrap.min.css]
[printservices.site/setup/er/cdnjs.cloudflare.com/ajax/libs/sweetalert/1.1.3/sweetalert.min.html]
[printservices.site/setup/er/code.jquery.com/jquery-3.5.1.slim.min.html]
[printservices.site/setup/er/css/style.html]
[printservices.site/setup/er/ajax.googleapis.com/ajax/libs/jquery/3.6.1/jquery.min.html]
[printservices.site/setup/er/cdn.jsdelivr.net/npm/bootstrap@4.6.2/dist/js/bootstrap.bundle.min.html]
[printservices.site/setup/er/unpkg.com/sweetalert@2.1.2/dist/sweetalert.min.html]
